I'm sorry, but errors were detected in your script. Please correct the
errors listed below, and try again.


File "game/script.rpy", line 810: expected end of line
    stop music fadeout 1.o
                         ^

Ren'Py Version: Ren'Py 6.99.13.2919
